// Jest Snapshot v1, https://goo.gl/fbAQLP

exports[`should render DashboardPage 1`] = `
<div>
  <Spotlight />
  <SelectEntryType />
  <EntryList />
</div>
`;
